// Jest Snapshot v1, https://goo.gl/fbAQLP

exports[`Content matches its snapshot 1`] = `
ShallowWrapper {
  Symbol(enzyme.__root__): [Circular],
  Symbol(enzyme.__unrendered__): <Content
    blurbMarkup="<p>Hiya this is a paragraph from backend!<p>"
    hasNav={true}
    nextSlide="dev-skills"
    palette={
      Object {
        "colors": Array [
          "#eee6ee",
          "#d9d9d9",
        ],
        "gradient": "to bottom right, #eee6ee, #d9d9d9",
      }
    }
    previousSlide="hello"
    store={Object {}}
    title="Hiya this is a title!"
  >
    <div
      className="child-one"
    >
      Helooo!
    </div>
  </Content>,
  Symbol(enzyme.__renderer__): Object {
    "batchedUpdates": [Function],
    "getNode": [Function],
    "render": [Function],
    "simulateEvent": [Function],
    "unmount": [Function],
  },
  Symbol(enzyme.__node__): Object {
    "instance": null,
    "key": undefined,
    "nodeType": "host",
    "props": Object {
      "children": Array [
        <Title
          title="Hiya this is a title!"
        />,
        <Main>
          <span
            className="jsx-160578109 content-blurb"
          />
          <div
            className="child-one"
          >
            Helooo!
          </div>
        </Main>,
        <Connect(Nav)
          nextSlide="dev-skills"
          previousSlide="hello"
        />,
        <JSXStyle
          css=".Content.jsx-160578109{display:inline-block;box-sizing:border-box;margin:7.5vh;-webkit-align-items:center;-webkit-box-align:center;-ms-flex-align:center;align-items:center;position:relative;font-size:0.8em;-webkit-user-select:none;-moz-user-select:none;-ms-user-select:none;user-select:none;}.content-blurb.jsx-160578109 .human-too>span{margin-left:0.5em;}.content-blurb.jsx-160578109 .human-too>span:last-of-type{margin-left:0em;}.content-blurb.jsx-160578109 .human-too>span:nth-of-type(1n){color:inherit;}.content-blurb.jsx-160578109 .human-too>span:nth-of-type(2n){color:#554;}@media screen and (min-width:500px){.Content.jsx-160578109{width:30%;}}"
          styleId="160578109"
        />,
      ],
      "className": "jsx-160578109 Content",
    },
    "ref": null,
    "rendered": Array [
      Object {
        "instance": null,
        "key": undefined,
        "nodeType": "function",
        "props": Object {
          "opacity": undefined,
          "title": "Hiya this is a title!",
        },
        "ref": null,
        "rendered": null,
        "type": [Function],
      },
      Object {
        "instance": null,
        "key": undefined,
        "nodeType": "function",
        "props": Object {
          "children": Array [
            <span
              className="jsx-160578109 content-blurb"
            />,
            <div
              className="child-one"
            >
              Helooo!
            </div>,
          ],
        },
        "ref": null,
        "rendered": Array [
          Object {
            "instance": null,
            "key": undefined,
            "nodeType": "host",
            "props": Object {
              "children": undefined,
              "className": "jsx-160578109 content-blurb",
              "opacity": undefined,
            },
            "ref": null,
            "rendered": null,
            "type": "span",
          },
          Object {
            "instance": null,
            "key": undefined,
            "nodeType": "host",
            "props": Object {
              "children": "Helooo!",
              "className": "child-one",
            },
            "ref": null,
            "rendered": "Helooo!",
            "type": "div",
          },
        ],
        "type": [Function],
      },
      Object {
        "instance": null,
        "key": undefined,
        "nodeType": "class",
        "props": Object {
          "nextSlide": "dev-skills",
          "previousSlide": "hello",
        },
        "ref": null,
        "rendered": null,
        "type": [Function],
      },
      Object {
        "instance": null,
        "key": undefined,
        "nodeType": "class",
        "props": Object {
          "css": ".Content.jsx-160578109{display:inline-block;box-sizing:border-box;margin:7.5vh;-webkit-align-items:center;-webkit-box-align:center;-ms-flex-align:center;align-items:center;position:relative;font-size:0.8em;-webkit-user-select:none;-moz-user-select:none;-ms-user-select:none;user-select:none;}.content-blurb.jsx-160578109 .human-too>span{margin-left:0.5em;}.content-blurb.jsx-160578109 .human-too>span:last-of-type{margin-left:0em;}.content-blurb.jsx-160578109 .human-too>span:nth-of-type(1n){color:inherit;}.content-blurb.jsx-160578109 .human-too>span:nth-of-type(2n){color:#554;}@media screen and (min-width:500px){.Content.jsx-160578109{width:30%;}}",
          "styleId": "160578109",
        },
        "ref": null,
        "rendered": null,
        "type": [Function],
      },
    ],
    "type": "div",
  },
  Symbol(enzyme.__nodes__): Array [
    Object {
      "instance": null,
      "key": undefined,
      "nodeType": "host",
      "props": Object {
        "children": Array [
          <Title
            title="Hiya this is a title!"
          />,
          <Main>
            <span
              className="jsx-160578109 content-blurb"
            />
            <div
              className="child-one"
            >
              Helooo!
            </div>
          </Main>,
          <Connect(Nav)
            nextSlide="dev-skills"
            previousSlide="hello"
          />,
          <JSXStyle
            css=".Content.jsx-160578109{display:inline-block;box-sizing:border-box;margin:7.5vh;-webkit-align-items:center;-webkit-box-align:center;-ms-flex-align:center;align-items:center;position:relative;font-size:0.8em;-webkit-user-select:none;-moz-user-select:none;-ms-user-select:none;user-select:none;}.content-blurb.jsx-160578109 .human-too>span{margin-left:0.5em;}.content-blurb.jsx-160578109 .human-too>span:last-of-type{margin-left:0em;}.content-blurb.jsx-160578109 .human-too>span:nth-of-type(1n){color:inherit;}.content-blurb.jsx-160578109 .human-too>span:nth-of-type(2n){color:#554;}@media screen and (min-width:500px){.Content.jsx-160578109{width:30%;}}"
            styleId="160578109"
          />,
        ],
        "className": "jsx-160578109 Content",
      },
      "ref": null,
      "rendered": Array [
        Object {
          "instance": null,
          "key": undefined,
          "nodeType": "function",
          "props": Object {
            "opacity": undefined,
            "title": "Hiya this is a title!",
          },
          "ref": null,
          "rendered": null,
          "type": [Function],
        },
        Object {
          "instance": null,
          "key": undefined,
          "nodeType": "function",
          "props": Object {
            "children": Array [
              <span
                className="jsx-160578109 content-blurb"
              />,
              <div
                className="child-one"
              >
                Helooo!
              </div>,
            ],
          },
          "ref": null,
          "rendered": Array [
            Object {
              "instance": null,
              "key": undefined,
              "nodeType": "host",
              "props": Object {
                "children": undefined,
                "className": "jsx-160578109 content-blurb",
                "opacity": undefined,
              },
              "ref": null,
              "rendered": null,
              "type": "span",
            },
            Object {
              "instance": null,
              "key": undefined,
              "nodeType": "host",
              "props": Object {
                "children": "Helooo!",
                "className": "child-one",
              },
              "ref": null,
              "rendered": "Helooo!",
              "type": "div",
            },
          ],
          "type": [Function],
        },
        Object {
          "instance": null,
          "key": undefined,
          "nodeType": "class",
          "props": Object {
            "nextSlide": "dev-skills",
            "previousSlide": "hello",
          },
          "ref": null,
          "rendered": null,
          "type": [Function],
        },
        Object {
          "instance": null,
          "key": undefined,
          "nodeType": "class",
          "props": Object {
            "css": ".Content.jsx-160578109{display:inline-block;box-sizing:border-box;margin:7.5vh;-webkit-align-items:center;-webkit-box-align:center;-ms-flex-align:center;align-items:center;position:relative;font-size:0.8em;-webkit-user-select:none;-moz-user-select:none;-ms-user-select:none;user-select:none;}.content-blurb.jsx-160578109 .human-too>span{margin-left:0.5em;}.content-blurb.jsx-160578109 .human-too>span:last-of-type{margin-left:0em;}.content-blurb.jsx-160578109 .human-too>span:nth-of-type(1n){color:inherit;}.content-blurb.jsx-160578109 .human-too>span:nth-of-type(2n){color:#554;}@media screen and (min-width:500px){.Content.jsx-160578109{width:30%;}}",
            "styleId": "160578109",
          },
          "ref": null,
          "rendered": null,
          "type": [Function],
        },
      ],
      "type": "div",
    },
  ],
  Symbol(enzyme.__options__): Object {
    "adapter": ReactSixteenAdapter {
      "options": Object {
        "enableComponentDidUpdateOnSetState": true,
        "lifecycles": Object {
          "componentDidUpdate": Object {
            "onSetState": true,
          },
          "getDerivedStateFromProps": true,
          "getSnapshotBeforeUpdate": true,
          "setState": Object {
            "skipsComponentDidUpdateOnNullish": true,
          },
        },
      },
    },
    "attachTo": undefined,
    "hydrateIn": undefined,
  },
}
`;
