// Jest Snapshot v1, https://goo.gl/fbAQLP

exports[`Nav matches its snapshots: noNext 1`] = `ShallowWrapper {}`;

exports[`Nav matches its snapshots: noPrev 1`] = `ShallowWrapper {}`;

exports[`Nav matches its snapshots: noSlides 1`] = `ShallowWrapper {}`;

exports[`Nav matches its snapshots: normal 1`] = `ShallowWrapper {}`;
